Expected Feature Order from Training:
['age', 'sex', 'cp', 'trestbps', 'chol', 'fbs', 'restecg', 'thalach', 'exang', 'oldpeak', 'slope', 'ca', 'thal']

Flask Dictionary:
{'age': 55, 'sex': 1, 'cp': 0, 'trestbps': 140, 'chol': 260, 'fbs': 0, 'restecg': 1, 'thalach': 145, 'exang': 1, 'oldpeak': 2.0, 'slope': 1, 'ca': 1, 'thal': 3}

Predict.py Dictionary:
{'age': 55, 'sex': 1, 'cp': 0, 'trestbps': 140, 'chol': 260, 'fbs': 0, 'restecg': 1, 'thalach': 145, 'exang': 1, 'oldpeak': 2.0, 'slope': 1, 'ca': 1, 'thal': 3}

Py Features Array:
[[ 55.   1.   0. 140. 260.   0.   1. 145.   1.   2.   1.   1.   3.]]

Flask Features Array:
[[ 55.   1.   0. 140. 260.   0.   1. 145.   1.   2.   1.   1.   3.]]

Are features exactly the same before scaling? True

Py Scaled Array:
[[ 0.08938967  0.69175684 -0.95428073  0.5179486   0.23000781 -0.3983138
   0.8752136  -0.2592355   1.5320648   0.87611854 -0.69712734  0.22905764
   1.0758383 ]]

Are features exactly the same after scaling? True

Predict.py Function Output:
{'prediction': 0, 'probability': 0.05509620159864426, 'risk_label': 'Heart Disease Detected', 'model_used': 'MLP'}

Recommendation Module Output:
{'prediction': 'Heart Disease Warning', 'disease_probability': 94.49, 'risk_level': 'Higher Risk', 'recommendations': {'diet': ['Your cholesterol is elevated. Focus on reducing saturated fats and eliminating trans fats.', 'Increase intake of soluble fiber (e.g., oats, beans, fruits) to help lower LDL cholesterol.', 'Your blood pressure is elevated. Consider the DASH diet and reduce your salt/sodium intake.'], 'physical_activity': ['Since you experience exercise-induced angina, please consult your physician before starting any new exercise routine.', 'Start with light, low-impact activities such as gentle walking.'], 'sleep': ['Aim for 7-9 hours of quality sleep per night to support proper cardiovascular recovery.', 'Try to maintain a consistent sleep schedule, even on weekends.'], 'smoking_alcohol': ['If you smoke, quitting is the best thing you can do for your heart. Seek support if needed.', 'Limit alcohol intake to moderate levels (up to one drink a day for women, two for men).'], 'healthy_habits': ['Manage stress through relaxation techniques like meditation, deep breathing, or yoga.']}, 'disclaimer': 'DISCLAIMER: This system is an educational AI risk-prediction tool, not a medical diagnosis. The predictions and recommendations are generated by artificial intelligence based on statistical patterns and should NOT be used as a substitute for professional medical advice, diagnosis, or treatment. Always consult a qualified healthcare provider for medical concerns.'}
